// Jest Snapshot v1, https://goo.gl/fbAQLP

exports[`Navigation Navigation snapshot 1`] = `
<nav
  className="Navigation"
>
  <ul>
    <li>
      <a
        className="NavButton"
        href="/"
        onClick={[Function]}
        style={undefined}
      >
        <div
          className="icon"
        />
        <div
          className="label"
        >
          MY TIME
        </div>
      </a>
    </li>
    <li>
      <a
        className="NavButton"
        href="/people"
        onClick={[Function]}
        style={undefined}
      >
        <div
          className="icon"
        />
        <div
          className="label"
        >
          PEOPLE
        </div>
      </a>
    </li>
    <li>
      <a
        className="NavButton"
        href="/projects"
        onClick={[Function]}
        style={undefined}
      >
        <div
          className="icon"
        />
        <div
          className="label"
        >
          PROJECTS
        </div>
      </a>
    </li>
    <li>
      <div
        className="NavButtons"
      >
        <div
          className="userMenu"
        >
          <div
            className="userMenuMenu"
          >
            <button
              className="Button Block"
              disabled={false}
              onClick={[Function]}
              type="button"
            >
              Sign out
            </button>
          </div>
          <div
            className="Avatar avatar"
            onClick={[Function]}
            style={
              Object {
                "backgroundImage": "url(http://www.image.jpg)",
              }
            }
          />
        </div>
      </div>
    </li>
  </ul>
</nav>
`;
