// Jest Snapshot v1, https://goo.gl/fbAQLP

exports[`GoogleSignInButton snapshots with all props 1`] = `
<div
  className="GoogleSignInButton"
  disabled={false}
  onClick={[Function]}
/>
`;

exports[`GoogleSignInButton snapshots with just label prop 1`] = `
<div
  className="GoogleSignInButton"
  disabled={false}
  onClick={[Function]}
/>
`;
